
> react-typescript-starter@0.1.0 test
> react-scripts test

Browserslist: caniuse-lite is outdated. Please run:
  npx browserslist@latest --update-db
  Why you should do it regularly: https://github.com/browserslist/browserslist#browsers-data-updating
PASS src/nested.test.ts
PASS src/arrays.test.ts
PASS src/objects.test.ts
PASS src/components/StartAttempt.test.tsx
PASS src/components/TwoDice.test.tsx
PASS src/functions.test.ts
  ● Console

    console.log
      0

      at fahrenheitToCelius (src/functions.ts:7:13)

    console.log
      -40

      at fahrenheitToCelius (src/functions.ts:7:13)

    console.log
      -30

      at fahrenheitToCelius (src/functions.ts:7:13)

    console.log
      -10

      at fahrenheitToCelius (src/functions.ts:7:13)

    console.log
      20

      at fahrenheitToCelius (src/functions.ts:7:13)

    console.log
      30

      at fahrenheitToCelius (src/functions.ts:7:13)

    console.log
      100

      at fahrenheitToCelius (src/functions.ts:7:13)

PASS src/components/ChangeType.test.tsx
PASS src/components/CycleHoliday.test.tsx
PASS src/components/Counter.test.tsx
PASS src/components/RevealAnswer.test.tsx
PASS src/App.test.tsx
-------------------|---------|----------|---------|---------|-------------------
File               | % Stmts | % Branch | % Funcs | % Lines | Uncovered Line #s 
-------------------|---------|----------|---------|---------|-------------------
All files          |   98.27 |    94.11 |     100 |   98.17 |                   
 src               |   97.88 |    93.65 |     100 |   97.72 |                   
  App.tsx          |     100 |      100 |     100 |     100 |                   
  arrays.ts        |   95.34 |       90 |     100 |   94.73 | 15,77             
  functions.ts     |     100 |     90.9 |     100 |     100 | 63-64             
  nested.ts        |     100 |      100 |     100 |     100 |                   
  objects.ts       |   94.44 |      100 |     100 |   94.44 | 53                
 src/components    |     100 |    95.45 |     100 |     100 |                   
  ChangeType.tsx   |     100 |      100 |     100 |     100 |                   
  Counter.tsx      |     100 |      100 |     100 |     100 |                   
  CycleHoliday.tsx |     100 |       90 |     100 |     100 | 51                
  RevealAnswer.tsx |     100 |      100 |     100 |     100 |                   
  StartAttempt.tsx |     100 |      100 |     100 |     100 |                   
  TwoDice.tsx      |     100 |      100 |     100 |     100 |                   
 src/interfaces    |       0 |        0 |       0 |       0 |                   
  answer.ts        |       0 |        0 |       0 |       0 |                   
  question.ts      |       0 |        0 |       0 |       0 |                   
-------------------|---------|----------|---------|---------|-------------------

Test Suites: 11 passed, 11 total
Tests:       93 passed, 93 total
Snapshots:   0 total
Time:        8.372 s
Ran all test suites.
